+ set +e
++ date '+%F %T'
+ echo '[start] 2026-05-25 08:31:56 gpu=0'
[start] 2026-05-25 08:31:56 gpu=0
+ echo '[cmd] CUDA_VISIBLE_DEVICES=0 /gly/tongqiang/anaconda3/envs/sgmea/bin/python -u main.py --gpu 0 --data_path /gly/tongqiang/dongyufeng/data/mmkg --data_choice DBP15K --data_split zh_en --data_rate 0.3 --model_name SGMEA --epoch 500 --eval_epoch 10 --lr 0.0005 --tau 0.08 --hidden_units 300,300,300 --attr_dim 300 --img_dim 300 --name_dim 300 --char_dim 300 --hidden_size 300 --batch_size 3500 --workers 0 --accumulation_steps 1 --scheduler cos --num_attention_heads 1 --num_hidden_layers 1 --structure_encoder gat --use_surface 0 --use_intermediate 1 --csls --csls_k 3 --clip 10.0 --save_model 1 --enable_sota --dist 0 --random_seed 42 --external_anchor_type_jsonl /gly/tongqiang/dongyufeng/Mode-Test/SGMEA/entity_type/dbp_zh_en_type_refined.jsonl --exp_name dbp03_tcms_dehr_0525_083156 --exp_id dbp15k_zh_en_r03_baseline_dbp03_tcms_dehr_0525_083156 --no_tensorboard'
[cmd] CUDA_VISIBLE_DEVICES=0 /gly/tongqiang/anaconda3/envs/sgmea/bin/python -u main.py --gpu 0 --data_path /gly/tongqiang/dongyufeng/data/mmkg --data_choice DBP15K --data_split zh_en --data_rate 0.3 --model_name SGMEA --epoch 500 --eval_epoch 10 --lr 0.0005 --tau 0.08 --hidden_units 300,300,300 --attr_dim 300 --img_dim 300 --name_dim 300 --char_dim 300 --hidden_size 300 --batch_size 3500 --workers 0 --accumulation_steps 1 --scheduler cos --num_attention_heads 1 --num_hidden_layers 1 --structure_encoder gat --use_surface 0 --use_intermediate 1 --csls --csls_k 3 --clip 10.0 --save_model 1 --enable_sota --dist 0 --random_seed 42 --external_anchor_type_jsonl /gly/tongqiang/dongyufeng/Mode-Test/SGMEA/entity_type/dbp_zh_en_type_refined.jsonl --exp_name dbp03_tcms_dehr_0525_083156 --exp_id dbp15k_zh_en_r03_baseline_dbp03_tcms_dehr_0525_083156 --no_tensorboard
+ CUDA_VISIBLE_DEVICES=0
+ /gly/tongqiang/anaconda3/envs/sgmea/bin/python -u main.py --gpu 0 --data_path /gly/tongqiang/dongyufeng/data/mmkg --data_choice DBP15K --data_split zh_en --data_rate 0.3 --model_name SGMEA --epoch 500 --eval_epoch 10 --lr 0.0005 --tau 0.08 --hidden_units 300,300,300 --attr_dim 300 --img_dim 300 --name_dim 300 --char_dim 300 --hidden_size 300 --batch_size 3500 --workers 0 --accumulation_steps 1 --scheduler cos --num_attention_heads 1 --num_hidden_layers 1 --structure_encoder gat --use_surface 0 --use_intermediate 1 --csls --csls_k 3 --clip 10.0 --save_model 1 --enable_sota --dist 0 --random_seed 42 --external_anchor_type_jsonl /gly/tongqiang/dongyufeng/Mode-Test/SGMEA/entity_type/dbp_zh_en_type_refined.jsonl --exp_name dbp03_tcms_dehr_0525_083156 --exp_id dbp15k_zh_en_r03_baseline_dbp03_tcms_dehr_0525_083156 --no_tensorboard
INFO - 05/25/26 08:31:59 - 0:00:00 - ============ Initialized logger ============
INFO - 05/25/26 08:31:59 - 0:00:00 - The experiment will be stored in /gly/tongqiang/dongyufeng/data/mmkg/dump/0525-dbp03_tcms_dehr_0525_083156/SGMEA_DBP15K_zh_en_dbp15k_zh_en_r03_baseline_dbp03_tcms_dehr_0525_083156
                                     
INFO - 05/25/26 08:31:59 - 0:00:00 - Running command: python main.py --gpu 0 --data_path '/gly/tongqiang/dongyufeng/data/mmkg' --data_choice DBP15K --data_split zh_en --data_rate '0.3' --model_name SGMEA --epoch 500 --eval_epoch 10 --lr '0.0005' --tau '0.08' --hidden_units '300,300,300' --attr_dim 300 --img_dim 300 --name_dim 300 --char_dim 300 --hidden_size 300 --batch_size 3500 --workers 0 --accumulation_steps 1 --scheduler cos --num_attention_heads 1 --num_hidden_layers 1 --structure_encoder gat --use_surface 0 --use_intermediate 1 --csls --csls_k 3 --clip '10.0' --save_model 1 --enable_sota --dist 0 --random_seed 42 --external_anchor_type_jsonl '/gly/tongqiang/dongyufeng/Mode-Test/SGMEA/entity_type/dbp_zh_en_type_refined.jsonl' --exp_name dbp03_tcms_dehr_0525_083156 --exp_id dbp15k_zh_en_r03_baseline_dbp03_tcms_dehr_0525_083156 --no_tensorboard

/gly/tongqiang/dongyufeng/Mode-Test/SGMEA/main.py:49: FutureWarning: `torch.cuda.amp.GradScaler(args...)` is deprecated. Please use `torch.amp.GradScaler('cuda', args...)` instead.
  self.scaler = GradScaler()
loading raw data...
INFO - 05/25/26 08:32:01 - 0:00:02 - 77.09% entities have images
INFO - 05/25/26 08:32:01 - 0:00:02 - image feature shape:(38960, 2048)
INFO - 05/25/26 08:32:02 - 0:00:02 - entity coarse types: external distribution loaded
INFO - 05/25/26 08:32:02 - 0:00:02 -   Person: 17203 (44.16%)
INFO - 05/25/26 08:32:02 - 0:00:02 -   Place: 6963 (17.87%)
INFO - 05/25/26 08:32:02 - 0:00:02 -   Organization: 7106 (18.24%)
INFO - 05/25/26 08:32:02 - 0:00:02 -   Creative Work: 4070 (10.45%)
INFO - 05/25/26 08:32:02 - 0:00:02 -   Event: 891 (2.29%)
INFO - 05/25/26 08:32:02 - 0:00:02 -   Entity: 2727 (7.00%)
INFO - 05/25/26 08:32:02 - 0:00:02 - #left entity : 19388, #right entity: 19572
INFO - 05/25/26 08:32:02 - 0:00:02 - #left entity not in train set: 14888, #right entity not in train set: 15072
INFO - 05/25/26 08:32:02 - 0:00:03 - relation feature shape:(38960, 1000)
INFO - 05/25/26 08:32:09 - 0:00:10 - Note: detected 96 virtual cores but NumExpr set to maximum of 64, check "NUMEXPR_MAX_THREADS" environment variable.
INFO - 05/25/26 08:32:09 - 0:00:10 - Note: NumExpr detected 96 cores but "NUMEXPR_MAX_THREADS" not set, so enforcing safe limit of 16.
INFO - 05/25/26 08:32:09 - 0:00:10 - NumExpr defaulting to 16 threads.
INFO - 05/25/26 08:32:11 - 0:00:12 - Use pytorch device_name: cuda:0
INFO - 05/25/26 08:32:11 - 0:00:12 - Load pretrained SentenceTransformer: /gly/tongqiang/dongyufeng/models/LaBSE
Batches:   0%|          | 0/64 [00:00<?, ?it/s]Batches:   2%|▏         | 1/64 [00:00<00:18,  3.49it/s]Batches:   5%|▍         | 3/64 [00:00<00:07,  8.45it/s]Batches:   8%|▊         | 5/64 [00:00<00:06,  9.66it/s]Batches:  11%|█         | 7/64 [00:00<00:05, 10.26it/s]Batches:  14%|█▍        | 9/64 [00:00<00:05, 10.59it/s]Batches:  17%|█▋        | 11/64 [00:01<00:04, 10.68it/s]Batches:  20%|██        | 13/64 [00:01<00:04, 10.68it/s]Batches:  23%|██▎       | 15/64 [00:01<00:04, 10.84it/s]Batches:  27%|██▋       | 17/64 [00:01<00:04, 10.82it/s]Batches:  30%|██▉       | 19/64 [00:01<00:04, 10.97it/s]Batches:  33%|███▎      | 21/64 [00:02<00:03, 10.98it/s]Batches:  36%|███▌      | 23/64 [00:02<00:03, 10.97it/s]