INFO - 05/15/26 22:19:13 - 0:00:00 - ============ Initialized logger ============
INFO - 05/15/26 22:19:13 - 0:00:00 - The experiment will be stored in /gly/tongqiang/dongyufeng/data/mmkg/dump/0515-EA_exp/SGMEA_FBYG15K_0.5_phase10_fbyg_r05_v2p_ablate_no_type_token
                                     
INFO - 05/15/26 22:19:13 - 0:00:00 - Running command: python main.py --gpu 3 --data_choice FBYG15K --model_name_save 'SGMEA_FBYG15K_0.5_baseline_warm_fbyg_specific_prior_0512_111257_lr5e4_r05_' --exp_id phase10_fbyg_r05_v2p_ablate_no_type_token --external_anchor_type_jsonl '/gly/tongqiang/dongyufeng/data/mmkg/anchors_nameless/FBYG15K/norm_anchor_type_fixed.jsonl' --data_path '/gly/tongqiang/dongyufeng/data/mmkg' --data_split norm --data_rate '0.5' --model_name SGMEA --hidden_units '300,300,300' --batch_size 2048 --csls --csls_k 1 --random_seed 42 --workers 0 --dist 0 --accumulation_steps 1 --scheduler fixed --attr_dim 300 --img_dim 300 --name_dim 300 --char_dim 300 --hidden_size 300 --tau '0.1' --structure_encoder gat --num_attention_heads 1 --num_hidden_layers 1 --use_surface 0 --use_intermediate 0 --enable_sota --disable_sgmea_guidance --freeze_type_modality_bias_entity --no_tensorboard --epoch 0 --eval_epoch 1 --save_model 0 --type_modality_bias_only_train --use_dehr_router --dehr_direction_mode learned_type --dehr_direction_values=0,0,0,0 --dehr_global_direction_weight '0.0' --dehr_type_direction_residual_scale '0.0' --dehr_type_direction_residual_max '0.0' --dehr_rho_init_values '0.7,0.7,0.7,0.7,0.7,0.7' --dehr_rho_max '1.0' --dehr_bias_clamp '0.35' --dehr_learned_bias_scale '0.35' --dehr_contextual_mix '0.15' --dehr_contextual_source residual --dehr_drop_type_token --dehr_learned_bias_l2_weight '1e-4' --dehr_stat_feature_mask none --dehr_calib_pretrain_epochs 25 --dehr_calib_pretrain_lr '5e-3' --dehr_calib_pretrain_tau '0.05' --dehr_calib_pretrain_batch_size 256 --dehr_calib_pretrain_val_ratio '0.2' --dehr_calib_pretrain_patience 8 --dehr_calib_bias_l2 '1e-4' --dehr_calib_pair_source train_pseudo --dehr_calib_selection final --dehr_calib_pseudo_margin '0.04' --dehr_calib_pseudo_csls_k 1 --lr '3e-4' --dehr_calib_pseudo_source dropout_consensus --dehr_calib_consensus_min_votes 2

/gly/tongqiang/dongyufeng/Mode-Test/SGMEA/main.py:48: FutureWarning: `torch.cuda.amp.GradScaler(args...)` is deprecated. Please use `torch.amp.GradScaler('cuda', args...)` instead.
  self.scaler = GradScaler()
INFO - 05/15/26 22:19:17 - 0:00:04 - 81.17% entities have images
INFO - 05/15/26 22:19:17 - 0:00:04 - image feature shape:(30355, 4096)
INFO - 05/15/26 22:19:17 - 0:00:05 - entity coarse types: external distribution loaded
INFO - 05/15/26 22:19:17 - 0:00:05 -   Person: 12911 (42.53%)
INFO - 05/15/26 22:19:17 - 0:00:05 -   Place: 5150 (16.97%)
INFO - 05/15/26 22:19:17 - 0:00:05 -   Organization: 4016 (13.23%)
INFO - 05/15/26 22:19:17 - 0:00:05 -   Creative Work: 4181 (13.77%)
INFO - 05/15/26 22:19:17 - 0:00:05 -   Event: 1344 (4.43%)
INFO - 05/15/26 22:19:17 - 0:00:05 -   Entity: 2753 (9.07%)
INFO - 05/15/26 22:19:17 - 0:00:05 - #left entity : 14951, #right entity: 15404
INFO - 05/15/26 22:19:17 - 0:00:05 - #left entity not in train set: 9352, #right entity not in train set: 9805
INFO - 05/15/26 22:19:18 - 0:00:06 - relation feature shape:(30355, 1000)
INFO - 05/15/26 22:19:20 - 0:00:07 - Note: detected 96 virtual cores but NumExpr set to maximum of 64, check "NUMEXPR_MAX_THREADS" environment variable.
INFO - 05/15/26 22:19:20 - 0:00:07 - Note: NumExpr detected 96 cores but "NUMEXPR_MAX_THREADS" not set, so enforcing safe limit of 16.
INFO - 05/15/26 22:19:20 - 0:00:07 - NumExpr defaulting to 16 threads.
INFO - 05/15/26 22:19:22 - 0:00:10 - Use pytorch device_name: cuda:0
INFO - 05/15/26 22:19:22 - 0:00:10 - Load pretrained SentenceTransformer: /gly/tongqiang/dongyufeng/models/LaBSE

Batches:   0%|          | 0/64 [00:00<?, ?it/s]
Batches:   2%|▏         | 1/64 [00:00<00:10,  5.79it/s]
Batches:   8%|▊         | 5/64 [00:00<00:02, 20.56it/s]
Batches:  14%|█▍        | 9/64 [00:00<00:02, 27.41it/s]
Batches:  23%|██▎       | 15/64 [00:00<00:01, 38.57it/s]
Batches:  31%|███▏      | 20/64 [00:00<00:01, 38.82it/s]
Batches:  41%|████      | 26/64 [00:00<00:00, 44.64it/s]
Batches:  52%|█████▏    | 33/64 [00:00<00:00, 50.66it/s]
Batches:  64%|██████▍   | 41/64 [00:00<00:00, 58.70it/s]
Batches:  75%|███████▌  | 48/64 [00:01<00:00, 60.21it/s]
Batches:  86%|████████▌ | 55/64 [00:01<00:00, 59.89it/s]
Batches:  98%|█████████▊| 63/64 [00:01<00:00, 65.11it/s]
Batches: 100%|██████████| 64/64 [00:01<00:00, 50.13it/s]

Batches:   0%|          | 0/64 [00:00<?, ?it/s]
Batches:   6%|▋         | 4/64 [00:00<00:01, 34.61it/s]
Batches:  12%|█▎        | 8/64 [00:00<00:01, 32.59it/s]
Batches:  22%|██▏       | 14/64 [00:00<00:01, 43.05it/s]
Batches:  33%|███▎      | 21/64 [00:00<00:00, 51.99it/s]
Batches:  42%|████▏     | 27/64 [00:00<00:00, 52.62it/s]
Batches:  53%|█████▎    | 34/64 [00:00<00:00, 57.15it/s]
Batches:  62%|██████▎   | 40/64 [00:00<00:00, 57.11it/s]
Batches:  72%|███████▏  | 46/64 [00:00<00:00, 56.03it/s]
Batches:  84%|████████▍ | 54/64 [00:00<00:00, 62.21it/s]
Batches:  97%|█████████▋| 62/64 [00:01<00:00, 66.26it/s]
Batches: 100%|██████████| 64/64 [00:01<00:00, 57.22it/s]

Batches:   0%|          | 0/64 [00:00<?, ?it/s]
Batches:   6%|▋         | 4/64 [00:00<00:01, 34.68it/s]
Batches:  14%|█▍        | 9/64 [00:00<00:01, 41.45it/s]
Batches:  23%|██▎       | 15/64 [00:00<00:01, 46.08it/s]
Batches:  31%|███▏      | 20/64 [00:00<00:00, 45.46it/s]
Batches:  42%|████▏     | 27/64 [00:00<00:00, 52.71it/s]
Batches:  55%|█████▍    | 35/64 [00:00<00:00, 58.57it/s]
Batches:  64%|██████▍   | 41/64 [00:00<00:00, 57.36it/s]
Batches:  77%|███████▋  | 49/64 [00:00<00:00, 63.23it/s]
Batches:  91%|█████████ | 58/64 [00:00<00:00, 68.75it/s]
Batches: 100%|██████████| 64/64 [00:01<00:00, 59.47it/s]

Batches:   0%|          | 0/64 [00:00<?, ?it/s]
Batches:   5%|▍         | 3/64 [00:00<00:02, 29.49it/s]
Batches:  12%|█▎        | 8/64 [00:00<00:01, 37.41it/s]
Batches:  22%|██▏       | 14/64 [00:00<00:01, 44.52it/s]
Batches:  34%|███▍      | 22/64 [00:00<00:00, 56.79it/s]
Batches:  45%|████▌     | 29/64 [00:00<00:00, 61.25it/s]
Batches:  56%|█████▋    | 36/64 [00:00<00:00, 57.61it/s]
Batches:  67%|██████▋   | 43/64 [00:00<00:00, 61.13it/s]
Batches:  80%|███████▉  | 51/64 [00:00<00:00, 63.82it/s]
Batches:  91%|█████████ | 58/64 [00:01<00:00, 37.81it/s]
Batches: 100%|██████████| 64/64 [00:01<00:00, 48.61it/s]

Batches:   0%|          | 0/64 [00:00<?, ?it/s]
Batches:   6%|▋         | 4/64 [00:00<00:01, 31.52it/s]
Batches:  14%|█▍        | 9/64 [00:00<00:01, 41.02it/s]
Batches:  23%|██▎       | 15/64 [00:00<00:01, 48.05it/s]
Batches:  34%|███▍      | 22/64 [00:00<00:00, 54.50it/s]
Batches:  44%|████▍     | 28/64 [00:00<00:00, 55.12it/s]
Batches:  56%|█████▋    | 36/64 [00:00<00:00, 60.95it/s]
Batches:  67%|██████▋   | 43/64 [00:00<00:00, 60.49it/s]
Batches:  78%|███████▊  | 50/64 [00:00<00:00, 61.37it/s]
Batches:  89%|████████▉ | 57/64 [00:01<00:00, 59.49it/s]
Batches: 100%|██████████| 64/64 [00:01<00:00, 57.57it/s]

Batches:   0%|          | 0/64 [00:00<?, ?it/s]
Batches:   8%|▊         | 5/64 [00:00<00:01, 41.36it/s]
Batches:  16%|█▌        | 10/64 [00:00<00:01, 44.80it/s]
Batches:  25%|██▌       | 16/64 [00:00<00:00, 49.11it/s]
Batches:  36%|███▌      | 23/64 [00:00<00:00, 56.66it/s]
Batches:  48%|████▊     | 31/64 [00:00<00:00, 62.09it/s]
Batches:  59%|█████▉    | 38/64 [00:00<00:00, 59.47it/s]
Batches:  72%|███████▏  | 46/64 [00:00<00:00, 64.13it/s]
Batches:  84%|████████▍ | 54/64 [00:00<00:00, 68.02it/s]
Batches:  98%|█████████▊| 63/64 [00:00<00:00, 72.34it/s]
Batches: 100%|██████████| 64/64 [00:01<00:00, 63.40it/s]

Batches:   0%|          | 0/64 [00:00<?, ?it/s]
Batches:   6%|▋         | 4/64 [00:00<00:01, 39.51it/s]
Batches:  14%|█▍        | 9/64 [00:00<00:01, 43.94it/s]
Batches:  23%|██▎       | 15/64 [00:00<00:00, 50.16it/s]
Batches:  33%|███▎      | 21/64 [00:00<00:00, 53.05it/s]
Batches:  44%|████▍     | 28/64 [00:00<00:00, 58.36it/s]
Batches:  56%|█████▋    | 36/64 [00:00<00:00, 64.58it/s]
Batches:  67%|██████▋   | 43/64 [00:00<00:00, 65.73it/s]
Batches:  80%|███████▉  | 51/64 [00:00<00:00, 68.95it/s]
Batches:  91%|█████████ | 58/64 [00:00<00:00, 65.16it/s]
Batches: 100%|██████████| 64/64 [00:01<00:00, 61.38it/s]

Batches:   0%|          | 0/64 [00:00<?, ?it/s]
Batches:   5%|▍         | 3/64 [00:00<00:02, 23.23it/s]
Batches:  11%|█         | 7/64 [00:00<00:02, 27.55it/s]
Batches:  17%|█▋        | 11/64 [00:00<00:01, 28.80it/s]
Batches:  25%|██▌       | 16/64 [00:00<00:01, 35.13it/s]
Batches:  33%|███▎      | 21/64 [00:00<00:01, 38.43it/s]
Batches:  41%|████      | 26/64 [00:00<00:00, 41.71it/s]
Batches:  52%|█████▏    | 33/64 [00:00<00:00, 49.12it/s]
Batches:  64%|██████▍   | 41/64 [00:00<00:00, 56.37it/s]
Batches:  75%|███████▌  | 48/64 [00:01<00:00, 58.89it/s]
Batches:  84%|████████▍ | 54/64 [00:01<00:00, 56.62it/s]
Batches:  97%|█████████▋| 62/64 [00:01<00:00, 61.55it/s]
Batches: 100%|██████████| 64/64 [00:01<00:00, 49.70it/s]

Batches:   0%|          | 0/64 [00:00<?, ?it/s]
Batches:   5%|▍         | 3/64 [00:00<00:02, 28.05it/s]
Batches:  11%|█         | 7/64 [00:00<00:01, 31.87it/s]
Batches:  19%|█▉        | 12/64 [00:00<00:01, 36.52it/s]
Batches:  28%|██▊       | 18/64 [00:00<00:01, 44.36it/s]
Batches:  39%|███▉      | 25/64 [00:00<00:00, 52.22it/s]
Batches:  50%|█████     | 32/64 [00:00<00:00, 55.73it/s]
Batches:  61%|██████    | 39/64 [00:00<00:00, 59.81it/s]
Batches:  73%|███████▎  | 47/64 [00:00<00:00, 63.34it/s]
Batches:  84%|████████▍ | 54/64 [00:00<00:00, 64.69it/s]
Batches:  95%|█████████▌| 61/64 [00:01<00:00, 64.60it/s]
Batches: 100%|██████████| 64/64 [00:01<00:00, 56.42it/s]

Batches:   0%|          | 0/64 [00:00<?, ?it/s]
Batches:   5%|▍         | 3/64 [00:00<00:02, 26.90it/s]
Batches:  11%|█         | 7/64 [00:00<00:01, 30.72it/s]
Batches:  17%|█▋        | 11/64 [00:00<00:01, 34.36it/s]
Batches:  28%|██▊       | 18/64 [00:00<00:01, 45.48it/s]
Batches:  36%|███▌      | 23/64 [00:00<00:00, 46.64it/s]
Batches:  47%|████▋     | 30/64 [00:00<00:00, 53.57it/s]
Batches:  59%|█████▉    | 38/64 [00:00<00:00, 59.40it/s]
Batches:  70%|███████   | 45/64 [00:00<00:00, 60.24it/s]
Batches:  81%|████████▏ | 52/64 [00:01<00:00, 54.65it/s]
Batches:  91%|█████████ | 58/64 [00:01<00:00, 55.97it/s]
Batches: 100%|██████████| 64/64 [00:01<00:00, 55.23it/s]
Batches: 100%|██████████| 64/64 [00:01<00:00, 51.43it/s]

Batches:   0%|          | 0/64 [00:00<?, ?it/s]
Batches:   5%|▍         | 3/64 [00:00<00:02, 27.86it/s]
Batches:  11%|█         | 7/64 [00:00<00:01, 32.54it/s]
Batches:  19%|█▉        | 12/64 [00:00<00:01, 39.88it/s]
Batches:  30%|██▉       | 19/64 [00:00<00:00, 49.27it/s]
Batches:  41%|████      | 26/64 [00:00<00:00, 55.63it/s]
Batches:  53%|█████▎    | 34/64 [00:00<00:00, 61.96it/s]
Batches:  64%|██████▍   | 41/64 [00:00<00:00, 62.45it/s]
Batches:  75%|███████▌  | 48/64 [00:00<00:00, 59.59it/s]
Batches:  84%|████████▍ | 54/64 [00:01<00:00, 56.41it/s]
Batches:  94%|█████████▍| 60/64 [00:01<00:00, 55.80it/s]
Batches: 100%|██████████| 64/64 [00:01<00:00, 54.61it/s]

Batches:   0%|          | 0/64 [00:00<?, ?it/s]
Batches:   5%|▍         | 3/64 [00:00<00:02, 22.77it/s]
Batches:   9%|▉         | 6/64 [00:00<00:02, 24.34it/s]
Batches:  16%|█▌        | 10/64 [00:00<00:01, 27.59it/s]
Batches:  22%|██▏       | 14/64 [00:00<00:01, 30.12it/s]
Batches:  30%|██▉       | 19/64 [00:00<00:01, 35.48it/s]
Batches:  41%|████      | 26/64 [00:00<00:00, 43.49it/s]
Batches:  50%|█████     | 32/64 [00:00<00:00, 47.87it/s]
Batches:  58%|█████▊    | 37/64 [00:00<00:00, 48.13it/s]
Batches:  70%|███████   | 45/64 [00:01<00:00, 56.06it/s]
Batches:  81%|████████▏ | 52/64 [00:01<00:00, 58.76it/s]
Batches:  91%|█████████ | 58/64 [00:01<00:00, 59.06it/s]
Batches: 100%|██████████| 64/64 [00:01<00:00, 55.51it/s]
Batches: 100%|██████████| 64/64 [00:01<00:00, 46.80it/s]

Batches:   0%|          | 0/64 [00:00<?, ?it/s]
Batches:   5%|▍         | 3/64 [00:00<00:02, 24.18it/s]
Batches:   9%|▉         | 6/64 [00:00<00:02, 23.25it/s]
Batches:  14%|█▍        | 9/64 [00:00<00:02, 25.78it/s]
Batches:  20%|██        | 13/64 [00:00<00:01, 27.56it/s]
Batches:  27%|██▋       | 17/64 [00:00<00:01, 30.99it/s]
Batches:  34%|███▍      | 22/64 [00:00<00:01, 34.69it/s]
Batches:  42%|████▏     | 27/64 [00:00<00:00, 37.37it/s]
Batches:  52%|█████▏    | 33/64 [00:00<00:00, 42.27it/s]
Batches:  61%|██████    | 39/64 [00:01<00:00, 46.81it/s]
Batches:  72%|███████▏  | 46/64 [00:01<00:00, 52.27it/s]
Batches:  81%|████████▏ | 52/64 [00:01<00:00, 53.71it/s]
Batches:  91%|█████████ | 58/64 [00:01<00:00, 51.77it/s]
Batches: 100%|██████████| 64/64 [00:01<00:00, 52.75it/s]
Batches: 100%|██████████| 64/64 [00:01<00:00, 42.77it/s]

Batches:   0%|          | 0/64 [00:00<?, ?it/s]
Batches:   5%|▍         | 3/64 [00:00<00:02, 24.24it/s]
Batches:   9%|▉         | 6/64 [00:00<00:02, 26.10it/s]
Batches:  16%|█▌        | 10/64 [00:00<00:01, 29.37it/s]
Batches:  23%|██▎       | 15/64 [00:00<00:01, 35.16it/s]
Batches:  30%|██▉       | 19/64 [00:00<00:01, 35.96it/s]
Batches:  39%|███▉      | 25/64 [00:00<00:00, 42.98it/s]
Batches:  48%|████▊     | 31/64 [00:00<00:00, 47.95it/s]
Batches:  58%|█████▊    | 37/64 [00:00<00:00, 50.80it/s]
Batches:  67%|██████▋   | 43/64 [00:00<00:00, 51.71it/s]
Batches:  78%|███████▊  | 50/64 [00:01<00:00, 54.70it/s]
Batches:  88%|████████▊ | 56/64 [00:01<00:00, 55.83it/s]
Batches:  97%|█████████▋| 62/64 [00:01<00:00, 54.87it/s]
Batches: 100%|██████████| 64/64 [00:01<00:00, 47.32it/s]

Batches:   0%|          | 0/53 [00:00<?, ?it/s]
Batches:   6%|▌         | 3/53 [00:00<00:01, 26.01it/s]
Batches:  13%|█▎        | 7/53 [00:00<00:01, 29.71it/s]
Batches:  26%|██▋       | 14/53 [00:00<00:00, 44.23it/s]
Batches:  38%|███▊      | 20/53 [00:00<00:00, 47.07it/s]
Batches:  51%|█████     | 27/53 [00:00<00:00, 53.00it/s]
Batches:  64%|██████▍   | 34/53 [00:00<00:00, 57.38it/s]
Batches:  75%|███████▌  | 40/53 [00:00<00:00, 56.64it/s]
Batches:  89%|████████▊ | 47/53 [00:00<00:00, 59.35it/s]
Batches: 100%|██████████| 53/53 [00:00<00:00, 54.08it/s]
INFO - 05/15/26 22:19:45 - 0:00:33 - attribute feature shape:(30355, 768)
INFO - 05/15/26 22:19:45 - 0:00:33 - -----dataset summary-----
INFO - 05/15/26 22:19:45 - 0:00:33 - dataset:		 /gly/tongqiang/dongyufeng/data/mmkg/FBYG15K/norm
INFO - 05/15/26 22:19:45 - 0:00:33 - triple num:	 715099
INFO - 05/15/26 22:19:45 - 0:00:33 - entity num:	 30355
INFO - 05/15/26 22:19:45 - 0:00:33 - relation num:	 1377
INFO - 05/15/26 22:19:45 - 0:00:33 - train ill num:	 5599 	 test ill num:	 5600
INFO - 05/15/26 22:19:45 - 0:00:33 - -------------------------
/gly/tongqiang/dongyufeng/Mode-Test/SGMEA/src/utils.py:237: UserWarning: torch.sparse.SparseTensor(indices, values, shape, *, device=) is deprecated.  Please use torch.sparse_coo_tensor(indices, values, shape, dtype=, device=). (Triggered internally at /opt/conda/conda-bld/pytorch_1729647327249/work/torch/csrc/utils/tensor_new.cpp:651.)
  return torch.sparse.FloatTensor(indices, values, shape)
/gly/tongqiang/anaconda3/envs/sgmea/lib/python3.9/site-packages/torch/nn/modules/transformer.py:379: UserWarning: enable_nested_tensor is True, but self.use_nested_tensor is False because encoder_layer.norm_first was True
  warnings.warn(
/gly/tongqiang/dongyufeng/Mode-Test/SGMEA/main.py:2242: FutureWarning: You are using `torch.load` with `weights_only=False` (the current default value), which uses the default pickle module implicitly. It is possible to construct malicious pickle data which will execute arbitrary code during unpickling (See https://github.com/pytorch/pytorch/blob/main/SECURITY.md#untrusted-models for more details). In a future release, the default value for `weights_only` will be flipped to `True`. This limits the functions that could be executed during unpickling. Arbitrary objects will no longer be allowed to be loaded via this mode unless they are explicitly allowlisted by the user via `torch.serialization.add_safe_globals`. We recommend you start setting `weights_only=True` for any use case where you don't have full control of the loaded file. Please open an issue on GitHub for any issues related to this experimental feature.
  state_dict = torch.load(save_path, map_location=self.args.device)
INFO - 05/15/26 22:19:48 - 0:00:35 - router warmstart load_state_dict strict=False | missing=['multimodal_encoder.fusion.dehr_router.modal_token', 'multimodal_encoder.fusion.dehr_router.direction_gain', 'multimodal_encoder.fusion.dehr_router.raw_rho', 'multimodal_encoder.fusion.dehr_router.stat_feature_mask', 'multimodal_encoder.fusion.dehr_router.reliability_direction', 'multimodal_encoder.fusion.dehr_router.modal_proj.0.weight', 'multimodal_encoder.fusion.dehr_router.modal_proj.0.bias', 'multimodal_encoder.fusion.dehr_router.modal_proj.1.weight', 'multimodal_encoder.fusion.dehr_router.modal_proj.1.bias', 'multimodal_encoder.fusion.dehr_router.modal_proj.2.weight', 'multimodal_encoder.fusion.dehr_router.modal_proj.2.bias', 'multimodal_encoder.fusion.dehr_router.modal_proj.3.weight', 'multimodal_encoder.fusion.dehr_router.modal_proj.3.bias', 'multimodal_encoder.fusion.dehr_router.token_proj.weight', 'multimodal_encoder.fusion.dehr_router.token_proj.bias', 'multimodal_encoder.fusion.dehr_router.stat_proj.weight', 'multimodal_encoder.fusion.dehr_router.stat_proj.bias', 'multimodal_encoder.fusion.dehr_router.emb_token_proj.weight', 'multimodal_encoder.fusion.dehr_router.emb_token_proj.bias', 'multimodal_encoder.fusion.dehr_router.token_gate.weight', 'multimodal_encoder.fusion.dehr_router.token_gate.bias', 'multimodal_encoder.fusion.dehr_router.emb_token_norm.weight', 'multimodal_encoder.fusion.dehr_router.emb_token_norm.bias', 'multimodal_encoder.fusion.dehr_router.stat_token_norm.weight', 'multimodal_encoder.fusion.dehr_router.stat_token_norm.bias', 'multimodal_encoder.fusion.dehr_router.type_token.weight', 'multimodal_encoder.fusion.dehr_router.transformer.layers.0.self_attn.in_proj_weight', 'multimodal_encoder.fusion.dehr_router.transformer.layers.0.self_attn.in_proj_bias', 'multimodal_encoder.fusion.dehr_router.transformer.layers.0.self_attn.out_proj.weight', 'multimodal_encoder.fusion.dehr_router.transformer.layers.0.self_attn.out_proj.bias', 'multimodal_encoder.fusion.dehr_router.transformer.layers.0.linear1.weight', 'multimodal_encoder.fusion.dehr_router.transformer.layers.0.linear1.bias', 'multimodal_encoder.fusion.dehr_router.transformer.layers.0.linear2.weight', 'multimodal_encoder.fusion.dehr_router.transformer.layers.0.linear2.bias', 'multimodal_encoder.fusion.dehr_router.transformer.layers.0.norm1.weight', 'multimodal_encoder.fusion.dehr_router.transformer.layers.0.norm1.bias', 'multimodal_encoder.fusion.dehr_router.transformer.layers.0.norm2.weight', 'multimodal_encoder.fusion.dehr_router.transformer.layers.0.norm2.bias', 'multimodal_encoder.fusion.dehr_router.evidence_head.weight', 'multimodal_encoder.fusion.dehr_router.evidence_head.bias', 'multimodal_encoder.fusion.dehr_router.learned_type_head.0.weight', 'multimodal_encoder.fusion.dehr_router.learned_type_head.0.bias', 'multimodal_encoder.fusion.dehr_router.learned_type_head.1.weight', 'multimodal_encoder.fusion.dehr_router.learned_type_head.1.bias', 'multimodal_encoder.fusion.dehr_router.learned_type_head.4.weight', 'multimodal_encoder.fusion.dehr_router.learned_type_head.4.bias', 'multimodal_encoder.fusion.dehr_router.contextual_modal_head.0.weight', 'multimodal_encoder.fusion.dehr_router.contextual_modal_head.0.bias', 'multimodal_encoder.fusion.dehr_router.contextual_modal_head.1.weight', 'multimodal_encoder.fusion.dehr_router.contextual_modal_head.1.bias', 'multimodal_encoder.fusion.dehr_router.contextual_modal_head.4.weight', 'multimodal_encoder.fusion.dehr_router.contextual_modal_head.4.bias', 'multimodal_encoder.fusion.dehr_router.type_direction_residual.weight'] unexpected=[]
INFO - 05/15/26 22:19:48 - 0:00:35 - loading model [SGMEA_FBYG15K_0.5_baseline_warm_fbyg_specific_prior_0512_111257_lr5e4_r05_.pkl] done!
INFO - 05/15/26 22:19:48 - 0:00:35 - total params num: 11581990
INFO - 05/15/26 22:19:48 - 0:00:35 - warmup_steps: 0
INFO - 05/15/26 22:19:48 - 0:00:35 - total_steps: 0
INFO - 05/15/26 22:19:48 - 0:00:35 - weight_decay: 0.0001
INFO - 05/15/26 22:19:48 - 0:00:35 - TypeModalityBiasOnlyTrain | trainable_params=103979 bias_shape=None lr=0.0003 shared=False use_cdmr=False use_dehr=True use_tmhg=False weight_decay=0.0
INFO - 05/15/26 22:19:50 - 0:00:38 - DEHRCalibPretrain | epochs=25 train=7562 val=1891 lr=0.005 tau=0.05 batch=256 val_ratio=0.200 bias_l2=0.0001 pair_source=train_pseudo train=5599 pseudo=3854 pseudo_margin_mean=0.1812
INFO - 05/15/26 22:19:51 - 0:00:38 - DEHRCalibPretrain | epoch=0 loss=0.9488 train_avg=0.9410 val_avg=0.9450 val_l2r=0.9429 val_r2l=0.9471 best_val=0.9450 best_loss=0.9488 type_modality_weight_delta_abs_mean=0.0042 dehr_bias_abs_mean=0.0898 dehr_global_bias_abs_mean=0.0000 dehr_type_bias_abs_mean=0.0898 dehr_evidence_bias_abs_mean=0.0000 dehr_contextual_mix=0.1500 dehr_contextual_u_abs_mean=0.0048 dehr_contextual_delta_abs_mean=0.1636
INFO - 05/15/26 22:19:51 - 0:00:38 - DEHRRouterTable | epoch=0 rho=0.6989,0.6989,0.6989,0.6989,0.6989,0.7000 direction=+0.0000,+0.0000,+0.0000,+0.0000 bias_abs_mean=0.0898 bias_abs_max=0.1817 global_bias_abs_mean=0.0000 type_bias_abs_mean=0.0898 type_bias_fraction=1.0000 evidence_bias_abs_mean=0.0000 evidence_bias_fraction=0.0000 scale_by_type=Person[0] img=0.8391 attr=1.0603 rel=1.0196 graph=1.1540 || Place[1] img=0.8400 attr=1.0585 rel=1.0161 graph=1.1553 || Organization[2] img=0.8401 attr=1.0610 rel=1.0155 graph=1.1540 || Creative Work[3] img=0.8389 attr=1.0623 rel=1.0197 graph=1.1534 || Event[4] img=0.8400 attr=1.0597 rel=1.0167 graph=1.1544 || Entity[5] img=1.0000 attr=1.0000 rel=1.0000 graph=1.0000 u_abs_mean=0.1413 u_free_abs_mean=0.0644 res_abs_mean=0.1659 res_abs_max=0.3028 res_drive_mean=0.0189 res_drive_abs_mean=0.1659 alpha_mean=1.8965 contextual_mix=0.1500 learned_type_u_abs_mean=0.1659 contextual_u_abs_mean=0.0048 contextual_delta_abs_mean=0.1636
INFO - 05/15/26 22:19:53 - 0:00:40 - DEHRCalibPretrain | epoch=4 loss=0.6856 train_avg=0.9409 val_avg=0.9439 val_l2r=0.9381 val_r2l=0.9498 best_val=0.9450 best_loss=0.6856 type_modality_weight_delta_abs_mean=0.0042 dehr_bias_abs_mean=0.1461 dehr_global_bias_abs_mean=0.0000 dehr_type_bias_abs_mean=0.1461 dehr_evidence_bias_abs_mean=0.0000 dehr_contextual_mix=0.1500 dehr_contextual_u_abs_mean=0.1567 dehr_contextual_delta_abs_mean=0.1489
INFO - 05/15/26 22:19:53 - 0:00:40 - DEHRRouterTable | epoch=0 rho=0.7025,0.7024,0.7026,0.7025,0.7024,0.7000 direction=+0.0000,+0.0000,+0.0000,+0.0000 bias_abs_mean=0.1461 bias_abs_max=0.2443 global_bias_abs_mean=0.0000 type_bias_abs_mean=0.1461 type_bias_fraction=1.0000 evidence_bias_abs_mean=0.0000 evidence_bias_fraction=0.0000 scale_by_type=Person[0] img=0.7885 attr=1.1698 rel=0.9886 graph=1.2602 || Place[1] img=0.7905 attr=1.1707 rel=0.9745 graph=1.2619 || Organization[2] img=0.7886 attr=1.1725 rel=0.9851 graph=1.2600 || Creative Work[3] img=0.7891 attr=1.1735 rel=0.9829 graph=1.2614 || Event[4] img=0.7894 attr=1.1690 rel=0.9845 graph=1.2592 || Entity[5] img=1.0000 attr=1.0000 rel=1.0000 graph=1.0000 u_abs_mean=0.2286 u_free_abs_mean=0.0350 res_abs_mean=0.2504 res_abs_max=0.3494 res_drive_mean=0.0556 res_drive_abs_mean=0.2504 alpha_mean=1.8548 contextual_mix=0.1500 learned_type_u_abs_mean=0.2504 contextual_u_abs_mean=0.1567 contextual_delta_abs_mean=0.1489
INFO - 05/15/26 22:19:55 - 0:00:42 - DEHRCalibPretrain | epoch=9 loss=0.6607 train_avg=0.9414 val_avg=0.9450 val_l2r=0.9402 val_r2l=0.9498 best_val=0.9450 best_loss=0.6590 type_modality_weight_delta_abs_mean=0.0042 dehr_bias_abs_mean=0.1676 dehr_global_bias_abs_mean=0.0000 dehr_type_bias_abs_mean=0.1676 dehr_evidence_bias_abs_mean=0.0000 dehr_contextual_mix=0.1500 dehr_contextual_u_abs_mean=0.3386 dehr_contextual_delta_abs_mean=0.1778
INFO - 05/15/26 22:19:55 - 0:00:42 - DEHRRouterTable | epoch=0 rho=0.7076,0.7073,0.7076,0.7076,0.7074,0.7000 direction=+0.0000,+0.0000,+0.0000,+0.0000 bias_abs_mean=0.1676 bias_abs_max=0.2477 global_bias_abs_mean=0.0000 type_bias_abs_mean=0.1676 type_bias_fraction=1.0000 evidence_bias_abs_mean=0.0000 evidence_bias_fraction=0.0000 scale_by_type=Person[0] img=0.7806 attr=1.1619 rel=1.1009 graph=1.2807 || Place[1] img=0.7807 attr=1.1471 rel=1.1054 graph=1.2806 || Organization[2] img=0.7806 attr=1.1923 rel=1.0733 graph=1.2808 || Creative Work[3] img=0.7806 attr=1.1919 rel=1.0741 graph=1.2808 || Event[4] img=0.7807 attr=1.1583 rel=1.0795 graph=1.2807 || Entity[5] img=1.0000 attr=1.0000 rel=1.0000 graph=1.0000 u_abs_mean=0.2611 u_free_abs_mean=0.0694 res_abs_mean=0.2819 res_abs_max=0.3500 res_drive_mean=0.1069 res_drive_abs_mean=0.2819 alpha_mean=1.7271 contextual_mix=0.1500 learned_type_u_abs_mean=0.2819 contextual_u_abs_mean=0.3386 contextual_delta_abs_mean=0.1778
INFO - 05/15/26 22:19:57 - 0:00:44 - DEHRCalibPretrain | epoch=14 loss=0.6508 train_avg=0.9383 val_avg=0.9410 val_l2r=0.9360 val_r2l=0.9461 best_val=0.9455 best_loss=0.6508 type_modality_weight_delta_abs_mean=0.0042 dehr_bias_abs_mean=0.1555 dehr_global_bias_abs_mean=0.0000 dehr_type_bias_abs_mean=0.1555 dehr_evidence_bias_abs_mean=0.0000 dehr_contextual_mix=0.1500 dehr_contextual_u_abs_mean=0.3470 dehr_contextual_delta_abs_mean=0.1537
INFO - 05/15/26 22:19:57 - 0:00:44 - DEHRRouterTable | epoch=0 rho=0.7128,0.7124,0.7128,0.7128,0.7124,0.7000 direction=+0.0000,+0.0000,+0.0000,+0.0000 bias_abs_mean=0.1555 bias_abs_max=0.2495 global_bias_abs_mean=0.0000 type_bias_abs_mean=0.1555 type_bias_fraction=1.0000 evidence_bias_abs_mean=0.0000 evidence_bias_fraction=0.0000 scale_by_type=Person[0] img=0.7793 attr=1.1107 rel=1.0538 graph=1.2830 || Place[1] img=0.7806 attr=1.0340 rel=1.0676 graph=1.2805 || Organization[2] img=0.7793 attr=1.1563 rel=1.0041 graph=1.2831 || Creative Work[3] img=0.7792 attr=1.1750 rel=1.0239 graph=1.2832 || Event[4] img=0.7795 attr=1.1012 rel=1.0160 graph=1.2827 || Entity[5] img=1.0000 attr=1.0000 rel=1.0000 graph=1.0000 u_abs_mean=0.2417 u_free_abs_mean=0.0949 res_abs_mean=0.2440 res_abs_max=0.3500 res_drive_mean=0.0632 res_drive_abs_mean=0.2440 alpha_mean=1.6679 contextual_mix=0.1500 learned_type_u_abs_mean=0.2440 contextual_u_abs_mean=0.3470 contextual_delta_abs_mean=0.1537
INFO - 05/15/26 22:19:59 - 0:00:46 - DEHRCalibPretrain | epoch=19 loss=0.6444 train_avg=0.9382 val_avg=0.9405 val_l2r=0.9350 val_r2l=0.9461 best_val=0.9463 best_loss=0.6444 type_modality_weight_delta_abs_mean=0.0042 dehr_bias_abs_mean=0.1641 dehr_global_bias_abs_mean=0.0000 dehr_type_bias_abs_mean=0.1641 dehr_evidence_bias_abs_mean=0.0000 dehr_contextual_mix=0.1500 dehr_contextual_u_abs_mean=0.3465 dehr_contextual_delta_abs_mean=0.1617
INFO - 05/15/26 22:19:59 - 0:00:46 - DEHRRouterTable | epoch=0 rho=0.7179,0.7175,0.7179,0.7179,0.7172,0.7000 direction=+0.0000,+0.0000,+0.0000,+0.0000 bias_abs_mean=0.1641 bias_abs_max=0.2513 global_bias_abs_mean=0.0000 type_bias_abs_mean=0.1641 type_bias_fraction=1.0000 evidence_bias_abs_mean=0.0000 evidence_bias_fraction=0.0000 scale_by_type=Person[0] img=0.7778 attr=1.0971 rel=1.0936 graph=1.2856 || Place[1] img=0.7780 attr=1.0010 rel=1.0932 graph=1.2852 || Organization[2] img=0.7778 attr=1.1676 rel=1.0426 graph=1.2856 || Creative Work[3] img=0.7778 attr=1.1876 rel=1.0705 graph=1.2856 || Event[4] img=0.7780 attr=1.0882 rel=1.0615 graph=1.2853 || Entity[5] img=1.0000 attr=1.0000 rel=1.0000 graph=1.0000 u_abs_mean=0.2525 u_free_abs_mean=0.1105 res_abs_mean=0.2609 res_abs_max=0.3500 res_drive_mean=0.0740 res_drive_abs_mean=0.2609 alpha_mean=1.7108 contextual_mix=0.1500 learned_type_u_abs_mean=0.2609 contextual_u_abs_mean=0.3465 contextual_delta_abs_mean=0.1617
INFO - 05/15/26 22:20:01 - 0:00:48 - DEHRCalibPretrain | epoch=24 loss=0.6386 train_avg=0.9371 val_avg=0.9395 val_l2r=0.9302 val_r2l=0.9487 best_val=0.9463 best_loss=0.6382 type_modality_weight_delta_abs_mean=0.0042 dehr_bias_abs_mean=0.1791 dehr_global_bias_abs_mean=0.0000 dehr_type_bias_abs_mean=0.1791 dehr_evidence_bias_abs_mean=0.0000 dehr_contextual_mix=0.1500 dehr_contextual_u_abs_mean=0.3460 dehr_contextual_delta_abs_mean=0.1325
INFO - 05/15/26 22:20:01 - 0:00:48 - DEHRRouterTable | epoch=0 rho=0.7230,0.7225,0.7229,0.7229,0.7219,0.7000 direction=+0.0000,+0.0000,+0.0000,+0.0000 bias_abs_mean=0.1791 bias_abs_max=0.2530 global_bias_abs_mean=0.0000 type_bias_abs_mean=0.1791 type_bias_fraction=1.0000 evidence_bias_abs_mean=0.0000 evidence_bias_fraction=0.0000 scale_by_type=Person[0] img=0.7765 attr=1.0641 rel=1.0724 graph=1.2878 || Place[1] img=0.7781 attr=0.9664 rel=1.0780 graph=1.2864 || Organization[2] img=0.7765 attr=1.1764 rel=0.9822 graph=1.2878 || Creative Work[3] img=0.7765 attr=1.2122 rel=1.0089 graph=1.2878 || Event[4] img=0.7770 attr=1.0529 rel=1.0181 graph=1.2867 || Entity[5] img=1.0000 attr=1.0000 rel=1.0000 graph=1.0000 u_abs_mean=0.2735 u_free_abs_mean=0.1032 res_abs_mean=0.2812 res_abs_max=0.3500 res_drive_mean=0.0467 res_drive_abs_mean=0.2812 alpha_mean=1.7084 contextual_mix=0.1500 learned_type_u_abs_mean=0.2812 contextual_u_abs_mean=0.3460 contextual_delta_abs_mean=0.1325
INFO - 05/15/26 22:20:01 - 0:00:49 - DEHRCalibPretrain | loaded_final val_avg=0.9395 val_l2r=0.9302 val_r2l=0.9487
INFO - 05/15/26 22:20:01 - 0:00:49 - DEHRRouterTable | epoch=0 rho=0.7230,0.7225,0.7229,0.7229,0.7219,0.7000 direction=+0.0000,+0.0000,+0.0000,+0.0000 bias_abs_mean=0.1791 bias_abs_max=0.2530 global_bias_abs_mean=0.0000 type_bias_abs_mean=0.1791 type_bias_fraction=1.0000 evidence_bias_abs_mean=0.0000 evidence_bias_fraction=0.0000 scale_by_type=Person[0] img=0.7765 attr=1.0641 rel=1.0724 graph=1.2878 || Place[1] img=0.7781 attr=0.9664 rel=1.0780 graph=1.2864 || Organization[2] img=0.7765 attr=1.1764 rel=0.9822 graph=1.2878 || Creative Work[3] img=0.7765 attr=1.2122 rel=1.0089 graph=1.2878 || Event[4] img=0.7770 attr=1.0529 rel=1.0181 graph=1.2867 || Entity[5] img=1.0000 attr=1.0000 rel=1.0000 graph=1.0000 u_abs_mean=0.2735 u_free_abs_mean=0.1032 res_abs_mean=0.2812 res_abs_max=0.3500 res_drive_mean=0.0467 res_drive_abs_mean=0.2812 alpha_mean=1.7084 contextual_mix=0.1500 learned_type_u_abs_mean=0.2812 contextual_u_abs_mean=0.3460 contextual_delta_abs_mean=0.1325

0it [00:00, ?it/s]
0it [00:00, ?it/s]
INFO - 05/15/26 22:20:01 - 0:00:49 -  --------------------- Test result --------------------- 
INFO - 05/15/26 22:20:04 - 0:00:52 - Ep 0 | l2r: acc of top [1, 10, 50] = [0.8186 0.9375 0.9662], mr = 15.836, mrr = 0.863, Loss = 99999.0000
INFO - 05/15/26 22:20:04 - 0:00:52 - Ep 0 | r2l: acc of top [1, 10, 50] = [0.8196 0.9377 0.9664], mr = 17.666, mrr = 0.864, Loss = 99999.0000
INFO - 05/15/26 22:20:05 - 0:00:52 - DEHRRouterTable | epoch=0 rho=0.7230,0.7225,0.7229,0.7229,0.7219,0.7000 direction=+0.0000,+0.0000,+0.0000,+0.0000 bias_abs_mean=0.1791 bias_abs_max=0.2530 global_bias_abs_mean=0.0000 type_bias_abs_mean=0.1791 type_bias_fraction=1.0000 evidence_bias_abs_mean=0.0000 evidence_bias_fraction=0.0000 scale_by_type=Person[0] img=0.7765 attr=1.0641 rel=1.0724 graph=1.2878 || Place[1] img=0.7781 attr=0.9664 rel=1.0780 graph=1.2864 || Organization[2] img=0.7765 attr=1.1764 rel=0.9822 graph=1.2878 || Creative Work[3] img=0.7765 attr=1.2122 rel=1.0089 graph=1.2878 || Event[4] img=0.7770 attr=1.0529 rel=1.0181 graph=1.2867 || Entity[5] img=1.0000 attr=1.0000 rel=1.0000 graph=1.0000 u_abs_mean=0.2735 u_free_abs_mean=0.1032 res_abs_mean=0.2812 res_abs_max=0.3500 res_drive_mean=0.0467 res_drive_abs_mean=0.2812 alpha_mean=1.7084 contextual_mix=0.1500 learned_type_u_abs_mean=0.2812 contextual_u_abs_mean=0.3460 contextual_delta_abs_mean=0.1325
INFO - 05/15/26 22:20:05 - 0:00:52 - min loss 999999.0

loading raw data...
getting a sparse tensor r_adj...

