++ date '+%F %T'
+ echo '[start] 2026-05-25 20:42:43 gpu=5 stage=tcms_il_train'
[start] 2026-05-25 20:42:43 gpu=5 stage=tcms_il_train
++ tcms_args
++ printf '%s ' --use_tcms --tcms_prefusion --tcms_zero_init_residual --tcms_noise_same_type_ratio 0.7 --tcms_disable_gate_match_features --tcms_beta 0.25 --tcms_beta_warmup_start 70 --tcms_beta_warmup_end 150 --tcms_pretrain_loss_weight 0.002 --tcms_selfsup_start 100 --tcms_selfsup_warmup_end 170 --tcms_sparse_weight 0.03 --tcms_gate_init -3.0 --tcms_missing_mode keep
+ echo '[cmd-train] CUDA_VISIBLE_DEVICES=5 /bin/true -u main.py --gpu 0 --data_path /gly/tongqiang/dongyufeng/data/mmkg --data_split norm --model_name SGMEA --data_choice FBDB15K --data_rate 0.8 --epoch 2 --il_start 1 --semi_learn_step 5 --eval_epoch 2 --only_test 0 --save_model 0 --lr 5e-4 --hidden_units 300,300,300 --batch_size 2048 --csls --csls_k 3 --random_seed 42 --workers 0 --dist 0 --accumulation_steps 1 --scheduler cos --attr_dim 300 --img_dim 300 --name_dim 300 --char_dim 300 --hidden_size 300 --tau 0.1 --structure_encoder gat --num_attention_heads 1 --num_hidden_layers 1 --use_surface 0 --use_intermediate 0 --enable_sota --disable_sgmea_guidance --disable_early_stop --il --external_anchor_type_jsonl /gly/tongqiang/dongyufeng/data/mmkg/anchors_nameless/FBDB15K/norm_anchor_type_fixed.jsonl --no_tensorboard --exp_name debug_il_script_v2 --exp_id fbdb_r08_il_tcms_dehr_seed42  --use_tcms --tcms_prefusion --tcms_zero_init_residual --tcms_noise_same_type_ratio 0.7 --tcms_disable_gate_match_features --tcms_beta 0.25 --tcms_beta_warmup_start 70 --tcms_beta_warmup_end 150 --tcms_pretrain_loss_weight 0.002 --tcms_selfsup_start 100 --tcms_selfsup_warmup_end 170 --tcms_sparse_weight 0.03 --tcms_gate_init -3.0 --tcms_missing_mode keep '
[cmd-train] CUDA_VISIBLE_DEVICES=5 /bin/true -u main.py --gpu 0 --data_path /gly/tongqiang/dongyufeng/data/mmkg --data_split norm --model_name SGMEA --data_choice FBDB15K --data_rate 0.8 --epoch 2 --il_start 1 --semi_learn_step 5 --eval_epoch 2 --only_test 0 --save_model 0 --lr 5e-4 --hidden_units 300,300,300 --batch_size 2048 --csls --csls_k 3 --random_seed 42 --workers 0 --dist 0 --accumulation_steps 1 --scheduler cos --attr_dim 300 --img_dim 300 --name_dim 300 --char_dim 300 --hidden_size 300 --tau 0.1 --structure_encoder gat --num_attention_heads 1 --num_hidden_layers 1 --use_surface 0 --use_intermediate 0 --enable_sota --disable_sgmea_guidance --disable_early_stop --il --external_anchor_type_jsonl /gly/tongqiang/dongyufeng/data/mmkg/anchors_nameless/FBDB15K/norm_anchor_type_fixed.jsonl --no_tensorboard --exp_name debug_il_script_v2 --exp_id fbdb_r08_il_tcms_dehr_seed42  --use_tcms --tcms_prefusion --tcms_zero_init_residual --tcms_noise_same_type_ratio 0.7 --tcms_disable_gate_match_features --tcms_beta 0.25 --tcms_beta_warmup_start 70 --tcms_beta_warmup_end 150 --tcms_pretrain_loss_weight 0.002 --tcms_selfsup_start 100 --tcms_selfsup_warmup_end 170 --tcms_sparse_weight 0.03 --tcms_gate_init -3.0 --tcms_missing_mode keep 
++ tcms_args
++ printf '%s ' --use_tcms --tcms_prefusion --tcms_zero_init_residual --tcms_noise_same_type_ratio 0.7 --tcms_disable_gate_match_features --tcms_beta 0.25 --tcms_beta_warmup_start 70 --tcms_beta_warmup_end 150 --tcms_pretrain_loss_weight 0.002 --tcms_selfsup_start 100 --tcms_selfsup_warmup_end 170 --tcms_sparse_weight 0.03 --tcms_gate_init -3.0 --tcms_missing_mode keep
+ CUDA_VISIBLE_DEVICES=5
+ /bin/true -u main.py --gpu 0 --data_path /gly/tongqiang/dongyufeng/data/mmkg --data_split norm --model_name SGMEA --data_choice FBDB15K --data_rate 0.8 --epoch 2 --il_start 1 --semi_learn_step 5 --eval_epoch 2 --only_test 0 --save_model 0 --lr 5e-4 --hidden_units 300,300,300 --batch_size 2048 --csls --csls_k 3 --random_seed 42 --workers 0 --dist 0 --accumulation_steps 1 --scheduler cos --attr_dim 300 --img_dim 300 --name_dim 300 --char_dim 300 --hidden_size 300 --tau 0.1 --structure_encoder gat --num_attention_heads 1 --num_hidden_layers 1 --use_surface 0 --use_intermediate 0 --enable_sota --disable_sgmea_guidance --disable_early_stop --il --external_anchor_type_jsonl /gly/tongqiang/dongyufeng/data/mmkg/anchors_nameless/FBDB15K/norm_anchor_type_fixed.jsonl --no_tensorboard --exp_name debug_il_script_v2 --exp_id fbdb_r08_il_tcms_dehr_seed42 --use_tcms --tcms_prefusion --tcms_zero_init_residual --tcms_noise_same_type_ratio 0.7 --tcms_disable_gate_match_features --tcms_beta 0.25 --tcms_beta_warmup_start 70 --tcms_beta_warmup_end 150 --tcms_pretrain_loss_weight 0.002 --tcms_selfsup_start 100 --tcms_selfsup_warmup_end 170 --tcms_sparse_weight 0.03 --tcms_gate_init -3.0 --tcms_missing_mode keep
+ train_status=0
++ date '+%F %T'
+ echo '[exit-train] 2026-05-25 20:42:43 status=0 ckpt=SGMEA_FBDB15K_0.8_fbdb_r08_il_tcms_dehr_seed42_il1_b1_'
[exit-train] 2026-05-25 20:42:43 status=0 ckpt=SGMEA_FBDB15K_0.8_fbdb_r08_il_tcms_dehr_seed42_il1_b1_
+ ((  train_status != 0  ))
+ [[ ! -f /gly/tongqiang/dongyufeng/data/mmkg/SGMEA/save/SGMEA_FBDB15K_0.8_fbdb_r08_il_tcms_dehr_seed42_il1_b1_.pkl ]]
+ echo '[error] missing saved checkpoint /gly/tongqiang/dongyufeng/data/mmkg/SGMEA/save/SGMEA_FBDB15K_0.8_fbdb_r08_il_tcms_dehr_seed42_il1_b1_.pkl'
[error] missing saved checkpoint /gly/tongqiang/dongyufeng/data/mmkg/SGMEA/save/SGMEA_FBDB15K_0.8_fbdb_r08_il_tcms_dehr_seed42_il1_b1_.pkl
+ exit 2
